[saptarang.org/envato/traveler/01/index2.html]
[backblue.gif]
[fade.gif]
[index.html]
[saptarang.org/envato/traveler/01/css/bootstrap.min.css]
[saptarang.org/envato/traveler/01/fonts/font-awesome/css/font-awesome.min.css]
[saptarang.org/envato/traveler/01/css/animate.min.css]
[saptarang.org/envato/traveler/01/css/owl.carousel.css]
[saptarang.org/envato/traveler/01/css/prettyPhoto.css]
[saptarang.org/envato/traveler/01/css/style.css]
[saptarang.org/envato/traveler/01/css/color-yellow.css]
[saptarang.org/envato/traveler/01/js/modernizr.custom.js]
[saptarang.org/envato/traveler/01/images/icons/favicon.ico]
[saptarang.org/envato/traveler/01/images/icons/apple-icon-144x144.png]
[saptarang.org/envato/traveler/01/images/icons/apple-icon-72x72.png]
[saptarang.org/envato/traveler/01/images/icons/apple-icon-114x114.png]
[saptarang.org/envato/traveler/01/images/company-yellow.png]
[saptarang.org/envato/traveler/01/index.html]
[saptarang.org/envato/traveler/01/images/slider/slide1.jpg]
[saptarang.org/envato/traveler/01/images/slider/slide2.jpg]
[saptarang.org/envato/traveler/01/images/slider/slide3.jpg]
[saptarang.org/envato/traveler/01/images/slider/slide4.jpg]
[saptarang.org/envato/traveler/01/images/slider/slide5.jpg]
[saptarang.org/envato/traveler/01/images/svg/arrow-right-s.svg]
[saptarang.org/envato/traveler/01/images/svg/arrow-right-s.png]
[saptarang.org/envato/traveler/01/images/svg/arrow-left-s.svg]
[saptarang.org/envato/traveler/01/images/svg/arrow-left-s.png]
[saptarang.org/envato/traveler/01/images/hotel.jpg]
[saptarang.org/envato/traveler/01/images/places/01.jpg]
[saptarang.org/envato/traveler/01/images/places/02.jpg]
[saptarang.org/envato/traveler/01/images/places/03.jpg]
[saptarang.org/envato/traveler/01/images/places/04.jpg]
[saptarang.org/envato/traveler/01/images/places/05.jpg]
[saptarang.org/envato/traveler/01/images/gallery/small/01.jpg]
[saptarang.org/envato/traveler/01/images/gallery/large/01.jpg]
[saptarang.org/envato/traveler/01/images/svg/plus-icon.svg]
[saptarang.org/envato/traveler/01/plus-icon.png]
[saptarang.org/envato/traveler/01/images/gallery/small/02.jpg]
[saptarang.org/envato/traveler/01/images/gallery/large/02.jpg]
[saptarang.org/envato/traveler/01/images/gallery/small/03.jpg]
[saptarang.org/envato/traveler/01/images/gallery/large/03.jpg]
[saptarang.org/envato/traveler/01/images/gallery/small/04.jpg]
[saptarang.org/envato/traveler/01/images/gallery/large/04.jpg]
[saptarang.org/envato/traveler/01/images/gallery/small/05.jpg]
[saptarang.org/envato/traveler/01/images/gallery/large/05.jpg]
[saptarang.org/envato/traveler/01/images/gallery/small/06.jpg]
[saptarang.org/envato/traveler/01/images/gallery/large/06.jpg]
[saptarang.org/envato/traveler/01/images/gallery/small/07.jpg]
[saptarang.org/envato/traveler/01/images/gallery/large/07.jpg]
[saptarang.org/envato/traveler/01/images/gallery/small/08.jpg]
[saptarang.org/envato/traveler/01/images/gallery/large/08.jpg]
[saptarang.org/envato/traveler/01/images/quote/01.jpg]
[saptarang.org/envato/traveler/01/images/quote/02.jpg]
[saptarang.org/envato/traveler/01/images/quote/03.jpg]
[saptarang.org/envato/traveler/01/js/jquery.min.js]
[saptarang.org/envato/traveler/01/js/jquery.countdown.js]
[saptarang.org/envato/traveler/01/js/jquery.superslides.min.js]
[saptarang.org/envato/traveler/01/js/bootstrap.min.js]
[saptarang.org/envato/traveler/01/js/jquery.prettyPhoto.js]
[saptarang.org/envato/traveler/01/js/wow.min.js]
[saptarang.org/envato/traveler/01/js/placeholders.js]
[saptarang.org/envato/traveler/01/js/owl.carousel.min.js]
[saptarang.org/envato/traveler/01/js/custom.js]
[saptarang.org/envato/traveler/01/index2.html]
[saptarang.org/envato/traveler/01/js/master.js]
[saptarang.org/envato/traveler/01/fonts/glyphicons-halflings-regular.eot]
[saptarang.org/envato/traveler/01/fonts/glyphicons-halflings-regulard41d.eot]
[saptarang.org/envato/traveler/01/fonts/glyphicons-halflings-regular.woff2]
[saptarang.org/envato/traveler/01/fonts/glyphicons-halflings-regular.woff]
[saptarang.org/envato/traveler/01/fonts/glyphicons-halflings-regular.ttf]
[saptarang.org/envato/traveler/01/fonts/glyphicons-halflings-regular.svg]
[saptarang.org/envato/traveler/01/css/bootstrap.min.css]
[saptarang.org/envato/traveler/01/fonts/font-awesome/fonts/fontawesome-webfont914c.eot]
[saptarang.org/envato/traveler/01/fonts/font-awesome/fonts/fontawesome-webfontd41d.eot]
[saptarang.org/envato/traveler/01/fonts/font-awesome/fonts/fontawesome-webfont914c.woff2]
[saptarang.org/envato/traveler/01/fonts/font-awesome/fonts/fontawesome-webfont914c.woff]
[saptarang.org/envato/traveler/01/fonts/font-awesome/fonts/fontawesome-webfont914c.ttf]
[saptarang.org/envato/traveler/01/fonts/font-awesome/css/font-awesome.min.css]
[saptarang.org/envato/traveler/01/css/animate.min.css]
[saptarang.org/envato/traveler/01/fonts/font-awesome/fonts/fontawesome-webfont914c.svg]
[saptarang.org/envato/traveler/01/images/grabbing.png]
[saptarang.org/envato/traveler/01/images/AjaxLoader.gif]
[saptarang.org/envato/traveler/01/css/owl.carousel.css]
[saptarang.org/envato/traveler/01/images/prettyPhoto/default/sprite.png]
[saptarang.org/envato/traveler/01/images/prettyPhoto/default/sprite_x.png]
[saptarang.org/envato/traveler/01/images/prettyPhoto/default/sprite_y.png]
[saptarang.org/envato/traveler/01/images/prettyPhoto/default/sprite_next.png]
[saptarang.org/envato/traveler/01/images/prettyPhoto/default/sprite_prev.png]
[saptarang.org/envato/traveler/01/images/prettyPhoto/default/default_thumb.png]
[saptarang.org/envato/traveler/01/images/prettyPhoto/default/loader.gif]
[saptarang.org/envato/traveler/01/images/prettyPhoto/light_rounded/sprite.png]
[saptarang.org/envato/traveler/01/images/prettyPhoto/light_rounded/btnNext.png]
[saptarang.org/envato/traveler/01/images/prettyPhoto/light_rounded/btnPrevious.png]
[saptarang.org/envato/traveler/01/images/prettyPhoto/dark_rounded/sprite.png]
[saptarang.org/envato/traveler/01/images/prettyPhoto/dark_rounded/contentPattern.png]
[saptarang.org/envato/traveler/01/images/prettyPhoto/dark_rounded/btnNext.png]
[saptarang.org/envato/traveler/01/images/prettyPhoto/dark_rounded/btnPrevious.png]
[saptarang.org/envato/traveler/01/images/prettyPhoto/dark_rounded/loader.gif]
[saptarang.org/envato/traveler/01/images/prettyPhoto/dark_square/loader.gif]
[saptarang.org/envato/traveler/01/images/prettyPhoto/dark_square/sprite.png]
[saptarang.org/envato/traveler/01/images/prettyPhoto/dark_square/btnNext.png]
[saptarang.org/envato/traveler/01/images/prettyPhoto/dark_square/btnPrevious.png]
[saptarang.org/envato/traveler/01/images/prettyPhoto/light_square/sprite.png]
[saptarang.org/envato/traveler/01/images/prettyPhoto/light_square/btnNext.png]
[saptarang.org/envato/traveler/01/images/prettyPhoto/light_square/btnPrevious.png]
[saptarang.org/envato/traveler/01/images/prettyPhoto/facebook/sprite.png]
[saptarang.org/envato/traveler/01/images/prettyPhoto/facebook/contentPatternTop.png]
[saptarang.org/envato/traveler/01/images/prettyPhoto/facebook/contentPatternLeft.png]
[saptarang.org/envato/traveler/01/images/prettyPhoto/facebook/contentPatternRight.png]
[saptarang.org/envato/traveler/01/images/prettyPhoto/facebook/loader.gif]
[saptarang.org/envato/traveler/01/images/prettyPhoto/facebook/btnNext.png]
[saptarang.org/envato/traveler/01/images/prettyPhoto/facebook/btnPrevious.png]
[saptarang.org/envato/traveler/01/images/prettyPhoto/facebook/contentPatternBottom.png]
[saptarang.org/envato/traveler/01/images/prettyPhoto/facebook/default_thumbnail.gif]
[saptarang.org/envato/traveler/01/images/prettyPhoto/light_rounded/loader.gif]
[saptarang.org/envato/traveler/01/css/prettyPhoto.css]
[saptarang.org/envato/traveler/01/images/pattern.png]
[saptarang.org/envato/traveler/01/images/shadow.png]
[saptarang.org/envato/traveler/01/images/blurr1.jpg]
[saptarang.org/envato/traveler/01/images/cursor.png]
[saptarang.org/envato/traveler/01/images/car.png]
[saptarang.org/envato/traveler/01/images/contact.jpg]
[saptarang.org/envato/traveler/01/css/style.css]
[saptarang.org/envato/traveler/01/css/color-yellow.css]
[saptarang.org/envato/traveler/01/js/modernizr.custom.js]
[saptarang.org/envato/traveler/01/css/color-green.css]
[saptarang.org/envato/traveler/01/images/company-green.png]
[cdnjs.cloudflare.com/ajax/libs/ScrollMagic/2.0.5/ScrollMagic.min.js]
[saptarang.org/envato/traveler/01/index.html]
[saptarang.org/envato/traveler/01/images/svg/arrow-right-s.svg]
[saptarang.org/envato/traveler/01/images/svg/arrow-left-s.svg]
[saptarang.org/envato/traveler/01/images/svg/plus-icon.svg]
[saptarang.org/envato/traveler/01/plus-icon.html]
[saptarang.org/envato/traveler/01/js/jquery.min.js]
[saptarang.org/envato/traveler/01/js/jquery.countdown.js]
[saptarang.org/envato/traveler/01/js/jquery.superslides.min.js]
[saptarang.org/envato/traveler/01/Popover requires tooltip.js]
[saptarang.org/envato/traveler/01/js/bootstrap.min.js]
[saptarang.org/envato/traveler/01/js/jquery.prettyPhoto.js]
[saptarang.org/envato/traveler/01/js/wow.min.js]
[saptarang.org/envato/traveler/01/js/placeholders.js]
[saptarang.org/envato/traveler/01/js/owl.carousel.min.js]
[saptarang.org/envato/traveler/01/js/custom.js]
[saptarang.org/envato/traveler/01/youtu.be/index.html]
[saptarang.org/envato/traveler/01/img.svg]
[saptarang.org/envato/traveler/01/js/master.js]
[saptarang.org/envato/traveler/01/fonts/glyphicons-halflings-regular.html]
[saptarang.org/envato/traveler/01/fonts/glyphicons-halflings-regulard41d.html]
[saptarang.org/envato/traveler/01/fonts/glyphicons-halflings-regular-2.html]
[saptarang.org/envato/traveler/01/fonts/glyphicons-halflings-regular-3.html]
[saptarang.org/envato/traveler/01/fonts/glyphicons-halflings-regular-4.html]
[saptarang.org/envato/traveler/01/fonts/glyphicons-halflings-regular-5.html]
[saptarang.org/envato/traveler/01/fonts/font-awesome/fonts/fontawesome-webfont914c.html]
[saptarang.org/envato/traveler/01/fonts/font-awesome/fonts/fontawesome-webfont914c.svg]
[saptarang.org/envato/traveler/01/css/color-green.css]
[saptarang.org/envato/traveler/01/Popover requires tooltip.html]
[saptarang.org/envato/traveler/01/youtu.be/index.html]
[saptarang.org/envato/traveler/01/img.html]
